// Jest Snapshot v1, https://goo.gl/fbAQLP

exports[`headers typescript should work with OpenAPI 2.0 inputs 1`] = `
"import {Ajv, Options as AjvOptions, ErrorObject, ValidateFunction} from 'ajv';
import addFormats from 'ajv-formats';
class DeletePetHeaders {
  private _apiKey?: string;

  constructor(input: {
    apiKey?: string,
  }) {
    this._apiKey = input.apiKey;
  }

  get apiKey(): string | undefined { return this._apiKey; }
  set apiKey(apiKey: string | undefined) { this._apiKey = apiKey; }

  public marshal() : string {
    let json = '{'
    if(this.apiKey !== undefined) {
      json += \`"api_key": \${typeof this.apiKey === 'number' || typeof this.apiKey === 'boolean' ? this.apiKey : JSON.stringify(this.apiKey)},\`;
    }
  
    //Remove potential last comma 
    return \`\${json.charAt(json.length-1) === ',' ? json.slice(0, json.length-1) : json}}\`;
  }

  public static unmarshal(json: string | object): DeletePetHeaders {
    const obj = typeof json === "object" ? json : JSON.parse(json);
    const instance = new DeletePetHeaders({} as any);

    if (obj["api_key"] !== undefined) {
      instance.apiKey = obj["api_key"];
    }
  
  
    return instance;
  }
  public static theCodeGenSchema = {"type":"object","additionalProperties":false,"properties":{"api_key":{"type":"string"}},"$id":"DeletePetHeaders","$schema":"http://json-schema.org/draft-07/schema"};
  public static validate(context?: {data: any, ajvValidatorFunction?: ValidateFunction, ajvInstance?: Ajv, ajvOptions?: AjvOptions}): { valid: boolean; errors?: ErrorObject[]; } {
    const {data, ajvValidatorFunction} = context ?? {};
    const parsedData = typeof data === 'string' ? JSON.parse(data) : data;
    const validate = ajvValidatorFunction ?? this.createValidator(context)
    return {
      valid: validate(parsedData),
      errors: validate.errors ?? undefined,
    };
  }
  public static createValidator(context?: {ajvInstance?: Ajv, ajvOptions?: AjvOptions}): ValidateFunction {
    const {ajvInstance} = {...context ?? {}, ajvInstance: new Ajv(context?.ajvOptions ?? {})};
    addFormats(ajvInstance);
    ajvInstance.addVocabulary(["xml", "example"])
    const validate = ajvInstance.compile(this.theCodeGenSchema);
    return validate;
  }

}
export { DeletePetHeaders };"
`;

exports[`headers typescript should work with OpenAPI 3.0 inputs 1`] = `
"import {Ajv, Options as AjvOptions, ErrorObject, ValidateFunction} from 'ajv';
import addFormats from 'ajv-formats';
class DeletePetHeaders {
  private _apiKey?: string;

  constructor(input: {
    apiKey?: string,
  }) {
    this._apiKey = input.apiKey;
  }

  get apiKey(): string | undefined { return this._apiKey; }
  set apiKey(apiKey: string | undefined) { this._apiKey = apiKey; }

  public marshal() : string {
    let json = '{'
    if(this.apiKey !== undefined) {
      json += \`"api_key": \${typeof this.apiKey === 'number' || typeof this.apiKey === 'boolean' ? this.apiKey : JSON.stringify(this.apiKey)},\`;
    }
  
    //Remove potential last comma 
    return \`\${json.charAt(json.length-1) === ',' ? json.slice(0, json.length-1) : json}}\`;
  }

  public static unmarshal(json: string | object): DeletePetHeaders {
    const obj = typeof json === "object" ? json : JSON.parse(json);
    const instance = new DeletePetHeaders({} as any);

    if (obj["api_key"] !== undefined) {
      instance.apiKey = obj["api_key"];
    }
  
  
    return instance;
  }
  public static theCodeGenSchema = {"type":"object","additionalProperties":false,"properties":{"api_key":{"type":"string"}},"$id":"DeletePetHeaders","$schema":"http://json-schema.org/draft-07/schema"};
  public static validate(context?: {data: any, ajvValidatorFunction?: ValidateFunction, ajvInstance?: Ajv, ajvOptions?: AjvOptions}): { valid: boolean; errors?: ErrorObject[]; } {
    const {data, ajvValidatorFunction} = context ?? {};
    const parsedData = typeof data === 'string' ? JSON.parse(data) : data;
    const validate = ajvValidatorFunction ?? this.createValidator(context)
    return {
      valid: validate(parsedData),
      errors: validate.errors ?? undefined,
    };
  }
  public static createValidator(context?: {ajvInstance?: Ajv, ajvOptions?: AjvOptions}): ValidateFunction {
    const {ajvInstance} = {...context ?? {}, ajvInstance: new Ajv(context?.ajvOptions ?? {})};
    addFormats(ajvInstance);
    ajvInstance.addVocabulary(["xml", "example"])
    const validate = ajvInstance.compile(this.theCodeGenSchema);
    return validate;
  }

}
export { DeletePetHeaders };"
`;

exports[`headers typescript should work with OpenAPI 3.1 inputs 1`] = `
"import {Ajv, Options as AjvOptions, ErrorObject, ValidateFunction} from 'ajv';
import addFormats from 'ajv-formats';
class DeletePetHeaders {
  private _apiKey?: string;

  constructor(input: {
    apiKey?: string,
  }) {
    this._apiKey = input.apiKey;
  }

  get apiKey(): string | undefined { return this._apiKey; }
  set apiKey(apiKey: string | undefined) { this._apiKey = apiKey; }

  public marshal() : string {
    let json = '{'
    if(this.apiKey !== undefined) {
      json += \`"api_key": \${typeof this.apiKey === 'number' || typeof this.apiKey === 'boolean' ? this.apiKey : JSON.stringify(this.apiKey)},\`;
    }
  
    //Remove potential last comma 
    return \`\${json.charAt(json.length-1) === ',' ? json.slice(0, json.length-1) : json}}\`;
  }

  public static unmarshal(json: string | object): DeletePetHeaders {
    const obj = typeof json === "object" ? json : JSON.parse(json);
    const instance = new DeletePetHeaders({} as any);

    if (obj["api_key"] !== undefined) {
      instance.apiKey = obj["api_key"];
    }
  
  
    return instance;
  }
  public static theCodeGenSchema = {"type":"object","additionalProperties":false,"properties":{"api_key":{"type":"string"}},"$id":"DeletePetHeaders","$schema":"http://json-schema.org/draft-07/schema"};
  public static validate(context?: {data: any, ajvValidatorFunction?: ValidateFunction, ajvInstance?: Ajv, ajvOptions?: AjvOptions}): { valid: boolean; errors?: ErrorObject[]; } {
    const {data, ajvValidatorFunction} = context ?? {};
    const parsedData = typeof data === 'string' ? JSON.parse(data) : data;
    const validate = ajvValidatorFunction ?? this.createValidator(context)
    return {
      valid: validate(parsedData),
      errors: validate.errors ?? undefined,
    };
  }
  public static createValidator(context?: {ajvInstance?: Ajv, ajvOptions?: AjvOptions}): ValidateFunction {
    const {ajvInstance} = {...context ?? {}, ajvInstance: new Ajv(context?.ajvOptions ?? {})};
    addFormats(ajvInstance);
    ajvInstance.addVocabulary(["xml", "example"])
    const validate = ajvInstance.compile(this.theCodeGenSchema);
    return validate;
  }

}
export { DeletePetHeaders };"
`;

exports[`headers typescript should work with basic AsyncAPI inputs 1`] = `
"import {Ajv, Options as AjvOptions, ErrorObject, ValidateFunction} from 'ajv';
import addFormats from 'ajv-formats';
class SimpleObjectHeaders {
  private _displayName?: string;
  private _email?: string;
  private _additionalProperties?: Map<string, any>;

  constructor(input: {
    displayName?: string,
    email?: string,
    additionalProperties?: Map<string, any>,
  }) {
    this._displayName = input.displayName;
    this._email = input.email;
    this._additionalProperties = input.additionalProperties;
  }

  /**
   * Name of the user
   */
  get displayName(): string | undefined { return this._displayName; }
  set displayName(displayName: string | undefined) { this._displayName = displayName; }

  /**
   * Email of the user
   */
  get email(): string | undefined { return this._email; }
  set email(email: string | undefined) { this._email = email; }

  get additionalProperties(): Map<string, any> | undefined { return this._additionalProperties; }
  set additionalProperties(additionalProperties: Map<string, any> | undefined) { this._additionalProperties = additionalProperties; }

  public marshal() : string {
    let json = '{'
    if(this.displayName !== undefined) {
      json += \`"displayName": \${typeof this.displayName === 'number' || typeof this.displayName === 'boolean' ? this.displayName : JSON.stringify(this.displayName)},\`;
    }
    if(this.email !== undefined) {
      json += \`"email": \${typeof this.email === 'number' || typeof this.email === 'boolean' ? this.email : JSON.stringify(this.email)},\`;
    }
    if(this.additionalProperties !== undefined) { 
      for (const [key, value] of this.additionalProperties.entries()) {
        //Only unwrap those that are not already a property in the JSON object
        if(["displayName","email","additionalProperties"].includes(String(key))) continue;
        json += \`"\${key}": \${typeof value === 'number' || typeof value === 'boolean' ? value : JSON.stringify(value)},\`;
      }
    }
    //Remove potential last comma 
    return \`\${json.charAt(json.length-1) === ',' ? json.slice(0, json.length-1) : json}}\`;
  }

  public static unmarshal(json: string | object): SimpleObjectHeaders {
    const obj = typeof json === "object" ? json : JSON.parse(json);
    const instance = new SimpleObjectHeaders({} as any);

    if (obj["displayName"] !== undefined) {
      instance.displayName = obj["displayName"];
    }
    if (obj["email"] !== undefined) {
      instance.email = obj["email"];
    }
  
    instance.additionalProperties = new Map();
    const propsToCheck = Object.entries(obj).filter((([key,]) => {return !["displayName","email","additionalProperties"].includes(key);}));
    for (const [key, value] of propsToCheck) {
      instance.additionalProperties.set(key, value as any);
    }
    return instance;
  }
  public static theCodeGenSchema = {"type":"object","properties":{"displayName":{"type":"string","description":"Name of the user"},"email":{"type":"string","format":"email","description":"Email of the user"}},"$id":"SimpleObjectHeaders","$schema":"http://json-schema.org/draft-07/schema"};
  public static validate(context?: {data: any, ajvValidatorFunction?: ValidateFunction, ajvInstance?: Ajv, ajvOptions?: AjvOptions}): { valid: boolean; errors?: ErrorObject[]; } {
    const {data, ajvValidatorFunction} = context ?? {};
    const parsedData = typeof data === 'string' ? JSON.parse(data) : data;
    const validate = ajvValidatorFunction ?? this.createValidator(context)
    return {
      valid: validate(parsedData),
      errors: validate.errors ?? undefined,
    };
  }
  public static createValidator(context?: {ajvInstance?: Ajv, ajvOptions?: AjvOptions}): ValidateFunction {
    const {ajvInstance} = {...context ?? {}, ajvInstance: new Ajv(context?.ajvOptions ?? {})};
    addFormats(ajvInstance);
  
    const validate = ajvInstance.compile(this.theCodeGenSchema);
    return validate;
  }

}
export { SimpleObjectHeaders };"
`;
